// Jest Snapshot v1, https://goo.gl/fbAQLP

exports[`GIVEN App component SHOULD render the App component 1`] = `[Function]`;
